MPLINK 5.09, LINKER
Linker Map File - Created Fri May 27 15:29:51 2022

                                 Section Info
                  Section       Type    Address   Location Size(Bytes)
                ---------  ---------  ---------  ---------  ---------
                 RES_VECT       code   0x000000    program   0x000004
                   .cinit    romdata   0x000004    program   0x000002
                MAIN_PROG       code   0x000006    program   0x000092
.config_300001_BUILD/DEFAULT/DEBUG/MAIN.O    romdata   0x300001    program   0x000001
.config_300003_BUILD/DEFAULT/DEBUG/MAIN.O    romdata   0x300003    program   0x000001
.config_300006_BUILD/DEFAULT/DEBUG/MAIN.O    romdata   0x300006    program   0x000001
                VARIAVEIS      udata   0x000000       data   0x000002



                              Program Memory Usage 
                               Start         End      
                           ---------   ---------      
                            0x000000    0x000097      
                            0x300001    0x300001      
                            0x300003    0x300003      
                            0x300006    0x300006      
            155 out of 33048 program addresses used, program memory utilization is 0%



                              Symbols - Sorted by Name
                     Name    Address   Location    Storage File                     
                ---------  ---------  ---------  --------- ---------                
                DECREMENT   0x000054    program     static C:\Users\emanu\OneDrive - Universidade Federal do Ceará\Área de Trabalho\Microprocessadores\TR1_MICROPROCESSADOR_VARCONT\TR1_MICROS_VARCONT.X\main.asm
                    DELAY   0x000090    program     static C:\Users\emanu\OneDrive - Universidade Federal do Ceará\Área de Trabalho\Microprocessadores\TR1_MICROPROCESSADOR_VARCONT\TR1_MICROS_VARCONT.X\main.asm
               DELAY200MS   0x00006e    program     static C:\Users\emanu\OneDrive - Universidade Federal do Ceará\Área de Trabalho\Microprocessadores\TR1_MICROPROCESSADOR_VARCONT\TR1_MICROS_VARCONT.X\main.asm
                DELAY200U   0x00008c    program     static C:\Users\emanu\OneDrive - Universidade Federal do Ceará\Área de Trabalho\Microprocessadores\TR1_MICROPROCESSADOR_VARCONT\TR1_MICROS_VARCONT.X\main.asm
                   DELAYM   0x000072    program     static C:\Users\emanu\OneDrive - Universidade Federal do Ceará\Área de Trabalho\Microprocessadores\TR1_MICROPROCESSADOR_VARCONT\TR1_MICROS_VARCONT.X\main.asm
                INCREMENT   0x00003a    program     static C:\Users\emanu\OneDrive - Universidade Federal do Ceará\Área de Trabalho\Microprocessadores\TR1_MICROPROCESSADOR_VARCONT\TR1_MICROS_VARCONT.X\main.asm
                     LOOP   0x000012    program     static C:\Users\emanu\OneDrive - Universidade Federal do Ceará\Área de Trabalho\Microprocessadores\TR1_MICROPROCESSADOR_VARCONT\TR1_MICROS_VARCONT.X\main.asm
                    LOOPA   0x000018    program     static C:\Users\emanu\OneDrive - Universidade Federal do Ceará\Área de Trabalho\Microprocessadores\TR1_MICROPROCESSADOR_VARCONT\TR1_MICROS_VARCONT.X\main.asm
                    LOOPB   0x00001e    program     static C:\Users\emanu\OneDrive - Universidade Federal do Ceará\Área de Trabalho\Microprocessadores\TR1_MICROPROCESSADOR_VARCONT\TR1_MICROS_VARCONT.X\main.asm
                    LOOPC   0x000022    program     static C:\Users\emanu\OneDrive - Universidade Federal do Ceará\Área de Trabalho\Microprocessadores\TR1_MICROPROCESSADOR_VARCONT\TR1_MICROS_VARCONT.X\main.asm
                    LOOPD   0x000026    program     static C:\Users\emanu\OneDrive - Universidade Federal do Ceará\Área de Trabalho\Microprocessadores\TR1_MICROPROCESSADOR_VARCONT\TR1_MICROS_VARCONT.X\main.asm
                    LOOPE   0x00002e    program     static C:\Users\emanu\OneDrive - Universidade Federal do Ceará\Área de Trabalho\Microprocessadores\TR1_MICROPROCESSADOR_VARCONT\TR1_MICROS_VARCONT.X\main.asm
                    LOOPF   0x000036    program     static C:\Users\emanu\OneDrive - Universidade Federal do Ceará\Área de Trabalho\Microprocessadores\TR1_MICROPROCESSADOR_VARCONT\TR1_MICROS_VARCONT.X\main.asm
                    START   0x000006    program     static C:\Users\emanu\OneDrive - Universidade Federal do Ceará\Área de Trabalho\Microprocessadores\TR1_MICROPROCESSADOR_VARCONT\TR1_MICROS_VARCONT.X\main.asm
                    CONT1   0x000000       data     static C:\Users\emanu\OneDrive - Universidade Federal do Ceará\Área de Trabalho\Microprocessadores\TR1_MICROPROCESSADOR_VARCONT\TR1_MICROS_VARCONT.X\main.asm
                    CONT2   0x000001       data     static C:\Users\emanu\OneDrive - Universidade Federal do Ceará\Área de Trabalho\Microprocessadores\TR1_MICROPROCESSADOR_VARCONT\TR1_MICROS_VARCONT.X\main.asm



                              Symbols - Sorted by Address
                     Name    Address   Location    Storage File                     
                ---------  ---------  ---------  --------- ---------                
                    START   0x000006    program     static C:\Users\emanu\OneDrive - Universidade Federal do Ceará\Área de Trabalho\Microprocessadores\TR1_MICROPROCESSADOR_VARCONT\TR1_MICROS_VARCONT.X\main.asm
                     LOOP   0x000012    program     static C:\Users\emanu\OneDrive - Universidade Federal do Ceará\Área de Trabalho\Microprocessadores\TR1_MICROPROCESSADOR_VARCONT\TR1_MICROS_VARCONT.X\main.asm
                    LOOPA   0x000018    program     static C:\Users\emanu\OneDrive - Universidade Federal do Ceará\Área de Trabalho\Microprocessadores\TR1_MICROPROCESSADOR_VARCONT\TR1_MICROS_VARCONT.X\main.asm
                    LOOPB   0x00001e    program     static C:\Users\emanu\OneDrive - Universidade Federal do Ceará\Área de Trabalho\Microprocessadores\TR1_MICROPROCESSADOR_VARCONT\TR1_MICROS_VARCONT.X\main.asm
                    LOOPC   0x000022    program     static C:\Users\emanu\OneDrive - Universidade Federal do Ceará\Área de Trabalho\Microprocessadores\TR1_MICROPROCESSADOR_VARCONT\TR1_MICROS_VARCONT.X\main.asm
                    LOOPD   0x000026    program     static C:\Users\emanu\OneDrive - Universidade Federal do Ceará\Área de Trabalho\Microprocessadores\TR1_MICROPROCESSADOR_VARCONT\TR1_MICROS_VARCONT.X\main.asm
                    LOOPE   0x00002e    program     static C:\Users\emanu\OneDrive - Universidade Federal do Ceará\Área de Trabalho\Microprocessadores\TR1_MICROPROCESSADOR_VARCONT\TR1_MICROS_VARCONT.X\main.asm
                    LOOPF   0x000036    program     static C:\Users\emanu\OneDrive - Universidade Federal do Ceará\Área de Trabalho\Microprocessadores\TR1_MICROPROCESSADOR_VARCONT\TR1_MICROS_VARCONT.X\main.asm
                INCREMENT   0x00003a    program     static C:\Users\emanu\OneDrive - Universidade Federal do Ceará\Área de Trabalho\Microprocessadores\TR1_MICROPROCESSADOR_VARCONT\TR1_MICROS_VARCONT.X\main.asm
                DECREMENT   0x000054    program     static C:\Users\emanu\OneDrive - Universidade Federal do Ceará\Área de Trabalho\Microprocessadores\TR1_MICROPROCESSADOR_VARCONT\TR1_MICROS_VARCONT.X\main.asm
               DELAY200MS   0x00006e    program     static C:\Users\emanu\OneDrive - Universidade Federal do Ceará\Área de Trabalho\Microprocessadores\TR1_MICROPROCESSADOR_VARCONT\TR1_MICROS_VARCONT.X\main.asm
                   DELAYM   0x000072    program     static C:\Users\emanu\OneDrive - Universidade Federal do Ceará\Área de Trabalho\Microprocessadores\TR1_MICROPROCESSADOR_VARCONT\TR1_MICROS_VARCONT.X\main.asm
                DELAY200U   0x00008c    program     static C:\Users\emanu\OneDrive - Universidade Federal do Ceará\Área de Trabalho\Microprocessadores\TR1_MICROPROCESSADOR_VARCONT\TR1_MICROS_VARCONT.X\main.asm
                    DELAY   0x000090    program     static C:\Users\emanu\OneDrive - Universidade Federal do Ceará\Área de Trabalho\Microprocessadores\TR1_MICROPROCESSADOR_VARCONT\TR1_MICROS_VARCONT.X\main.asm
                    CONT1   0x000000       data     static C:\Users\emanu\OneDrive - Universidade Federal do Ceará\Área de Trabalho\Microprocessadores\TR1_MICROPROCESSADOR_VARCONT\TR1_MICROS_VARCONT.X\main.asm
                    CONT2   0x000001       data     static C:\Users\emanu\OneDrive - Universidade Federal do Ceará\Área de Trabalho\Microprocessadores\TR1_MICROPROCESSADOR_VARCONT\TR1_MICROS_VARCONT.X\main.asm


